Microchip MPLAB XC8 Compiler V2.00 ()

Linker command line:

-W-3 --edf=C:\Program Files (x86)\Microchip\xc8\v2.00\pic\dat\en_msgs.txt \
  -cs -h+dist/default/production\LearnToSolder2018.X.production.sym \
  --cmf=dist/default/production\LearnToSolder2018.X.production.cmf -z \
  -Q12F1572 -oC:\Users\BRIANS~1\AppData\Local\Temp\s2bc.2 \
  --defsym=__MPLAB_BUILD=1 \
  -Mdist/default/production/LearnToSolder2018.X.production.map -E1 -ver=XC8 \
  -ASTACK=02015h-020efh -pstack=STACK -ACODE=00h-07FFh -ASTRCODE=00h-07FFh \
  -ASTRING=00h-0FFhx8 -ACONST=00h-0FFhx8 -AENTRY=00h-0FFhx8 \
  -ACOMMON=070h-07Fh -ABANK0=020h-06Fh -ABANK1=0A0h-0EFh \
  -ABANK2=0120h-016Fh -ABIGRAM=02000h-020EFh \
  -ARAM=020h-06Fh,0A0h-0EFh,0120h-016Fh \
  -AABS1=020h-07Fh,0A0h-0EFh,0120h-016Fh -ASFR0=00h-01Fh -ASFR1=080h-09Fh \
  -ASFR2=0100h-011Fh -ASFR3=0180h-01EFh -ASFR4=0200h-026Fh \
  -ASFR5=0280h-02EFh -ASFR6=0300h-036Fh -ASFR7=0380h-03EFh \
  -ASFR8=0400h-046Fh -ASFR9=0480h-04EFh -ASFR10=0500h-056Fh \
  -ASFR11=0580h-05EFh -ASFR12=0600h-066Fh -ASFR13=0680h-06EFh \
  -ASFR14=0700h-076Fh -ASFR15=0780h-07EFh -ASFR16=0800h-086Fh \
  -ASFR17=0880h-08EFh -ASFR18=0900h-096Fh -ASFR19=0980h-09EFh \
  -ASFR20=0A00h-0A6Fh -ASFR21=0A80h-0AEFh -ASFR22=0B00h-0B6Fh \
  -ASFR23=0B80h-0BEFh -ASFR24=0C00h-0C6Fh -ASFR25=0C80h-0CEFh \
  -ASFR26=0D00h-0D6Fh -ASFR27=0D80h-0DEFh -ASFR28=0E00h-0E6Fh \
  -ASFR29=0E80h-0EEFh -ASFR30=0F00h-0F6Fh -ASFR31=0F80h-0FEFh \
  -preset_vec=00h,intentry=04h,init,end_init -ppowerup=CODE -pcinit=CODE \
  -pfunctab=ENTRY -ACONFIG=08007h-08008h -pconfig=CONFIG -DCONFIG=2 \
  -AIDLOC=08000h-08003h -pidloc=IDLOC -DIDLOC=2 -DCODE=2 -DSTRCODE=2 \
  -DSTRING=2 -DCONST=2 -DENTRY=2 -k \
  C:\Users\BRIANS~1\AppData\Local\Temp\s2bc.o \
  dist/default/production\LearnToSolder2018.X.production.o 

Object code version is 3.11

Machine type is 12F1572



                Name                               Link     Load   Length Selector   Space Scale
C:\Users\BRIANS~1\AppData\Local\Temp\s2bc.o
                end_init                             11       11        1        8       0
                reset_vec                             0        0        1        0       0
                config                             8007     8007        2    1000E       0
dist/default/production\LearnToSolder2018.X.production.o
                cinit                                12       12        F        8       0
                intentry                              4        4        D        8       0
                text33                              1E7      1E7        2        8       0
                text32                              1E5      1E5        2        8       0
                text31                              19F      19F        7        8       0
                text30                              106      106       22        8       0
                text29                              17F      17F        A        8       0
                text28                              1C2      1C2        5        8       0
                text26                              1E3      1E3        2        8       0
                text25                              1E1      1E1        2        8       0
                text24                              1DA      1DA        3        8       0
                text23                              1D7      1D7        3        8       0
                text22                              1DF      1DF        2        8       0
                text21                              1DD      1DD        2        8       0
                text20                              1B2      1B2        6        8       0
                text19                              1D4      1D4        3        8       0
                text18                               E4       E4       22        8       0
                text17                              189      189        8        8       0
                text16                              1EA      1EA        1        8       0
                text15                              1AC      1AC        6        8       0
                text14                              1D1      1D1        3        8       0
                text13                              1CE      1CE        3        8       0
                text12                              15B      15B       18        8       0
                text11                              1E9      1E9        1        8       0
                text10                              198      198        7        8       0
                text9                                8B       8B       59        8       0
                text8                               191      191        7        8       0
                text7                               142      142       19        8       0
                text6                               128      128       1A        8       0
                text5                               173      173        C        8       0
                text4                               1C7      1C7        4        8       0
                text3                               1BD      1BD        5        8       0
                text2                               1CB      1CB        3        8       0
                text1                               1B8      1B8        5        8       0
                maintext                             21       21       6A        8       0
                cstackCOMMON                         7A       7A        4       70       1
                clrtext                             1A6      1A6        6        8       0
                bssBANK0                             20       20        E       20       1
                bssCOMMON                            70       70        A       70       1
                nvBANK0                              2E       2E        7       20       1

TOTAL           Name                               Link     Load   Length     Space
        CLASS   STACK          

        CLASS   CODE           
                end_init                             11       11        1         0
                cinit                                12       12        F         0
                intentry                              4        4        D         0
                reset_vec                             0        0        1         0
                text33                              1E7      1E7        2         0
                text32                              1E5      1E5        2         0
                text31                              19F      19F        7         0
                text30                              106      106       22         0
                text29                              17F      17F        A         0
                text28                              1C2      1C2        5         0
                text26                              1E3      1E3        2         0
                text25                              1E1      1E1        2         0
                text24                              1DA      1DA        3         0
                text23                              1D7      1D7        3         0
                text22                              1DF      1DF        2         0
                text21                              1DD      1DD        2         0
                text20                              1B2      1B2        6         0
                text19                              1D4      1D4        3         0
                text18                               E4       E4       22         0
                text17                              189      189        8         0
                text16                              1EA      1EA        1         0
                text15                              1AC      1AC        6         0
                text14                              1D1      1D1        3         0
                text13                              1CE      1CE        3         0
                text12                              15B      15B       18         0
                text11                              1E9      1E9        1         0
                text10                              198      198        7         0
                text9                                8B       8B       59         0
                text8                               191      191        7         0
                text7                               142      142       19         0
                text6                               128      128       1A         0
                text5                               173      173        C         0
                text4                               1C7      1C7        4         0
                text3                               1BD      1BD        5         0
                text2                               1CB      1CB        3         0
                text1                               1B8      1B8        5         0
                maintext                             21       21       6A         0
                clrtext                             1A6      1A6        6         0

        CLASS   STRCODE        

        CLASS   STRING         

        CLASS   CONST          

        CLASS   ENTRY          

        CLASS   COMMON         
                cstackCOMMON                         7A       7A        4         1
                bssCOMMON                            70       70        A         1

        CLASS   BANK0          
                bssBANK0                             20       20        E         1
                nvBANK0                              2E       2E        7         1

        CLASS   BANK1          

        CLASS   BANK2          

        CLASS   BIGRAM         

        CLASS   RAM            

        CLASS   ABS1           
                abs_s1                               7E       7E        2         1

        CLASS   SFR0           

        CLASS   SFR1           

        CLASS   SFR2           

        CLASS   SFR3           

        CLASS   SFR4           

        CLASS   SFR5           

        CLASS   SFR6           

        CLASS   SFR7           

        CLASS   SFR8           

        CLASS   SFR9           

        CLASS   SFR10          

        CLASS   SFR11          

        CLASS   SFR12          

        CLASS   SFR13          

        CLASS   SFR14          

        CLASS   SFR15          

        CLASS   SFR16          

        CLASS   SFR17          

        CLASS   SFR18          

        CLASS   SFR19          

        CLASS   SFR20          

        CLASS   SFR21          

        CLASS   SFR22          

        CLASS   SFR23          

        CLASS   SFR24          

        CLASS   SFR25          

        CLASS   SFR26          

        CLASS   SFR27          

        CLASS   SFR28          

        CLASS   SFR29          

        CLASS   SFR30          

        CLASS   SFR31          

        CLASS   CONFIG         
                config                             8007     8007        2         0

        CLASS   IDLOC          

        CLASS   BANK31         

        CLASS   BANK30         

        CLASS   BANK29         

        CLASS   BANK28         

        CLASS   BANK27         

        CLASS   BANK26         

        CLASS   BANK25         

        CLASS   BANK24         

        CLASS   BANK23         

        CLASS   BANK22         

        CLASS   BANK21         

        CLASS   BANK20         

        CLASS   BANK19         

        CLASS   BANK18         

        CLASS   BANK17         

        CLASS   BANK16         

        CLASS   BANK15         

        CLASS   BANK14         

        CLASS   BANK13         

        CLASS   BANK12         

        CLASS   BANK11         

        CLASS   BANK10         

        CLASS   BANK9          

        CLASS   BANK8          

        CLASS   BANK7          

        CLASS   BANK6          

        CLASS   BANK5          

        CLASS   BANK4          

        CLASS   BANK3          

        CLASS   EEDATA         



SEGMENTS        Name                           Load    Length   Top    Selector   Space  Class     Delta

                reset_vec                      000000  000001  000001         0       0  CODE        2
                intentry                       000004  0001E7  0001EB         8       0  CODE        2
                bssBANK0                       000020  000015  000035        20       1  BANK0       1
                bssCOMMON                      000070  00000E  00007E        70       1  COMMON      1
                config                         008007  000002  008009     1000E       0  CONFIG      2


UNUSED ADDRESS RANGES

        Name                Unused          Largest block    Delta
        BANK0            00035-0006F              3B           1
        BANK1            000A0-000EF              50           1
        BANK2            00120-0016F              50           1
        BIGRAM           02000-020EF              F0           1
        CODE             00001-00003               3           2
                         001EB-007FF             615
        CONST            00001-00003               3           2
                         001EB-007FF             100
        ENTRY            00001-00003               3           2
                         001EB-007FF             100
        IDLOC            08000-08003               4           2
        RAM              00035-0006F              3B           1
                         000A0-000EF              50
                         00120-0016F              50
        SFR0             00000-0001F              20           1
        SFR1             00080-0009F              20           1
        SFR10            00500-0056F              70           1
        SFR11            00580-005EF              70           1
        SFR12            00600-0066F              70           1
        SFR13            00680-006EF              70           1
        SFR14            00700-0076F              70           1
        SFR15            00780-007EF              70           1
        SFR16            00800-0086F              70           1
        SFR17            00880-008EF              70           1
        SFR18            00900-0096F              70           1
        SFR19            00980-009EF              70           1
        SFR2             00100-0011F              20           1
        SFR20            00A00-00A6F              70           1
        SFR21            00A80-00AEF              70           1
        SFR22            00B00-00B6F              70           1
        SFR23            00B80-00BEF              70           1
        SFR24            00C00-00C6F              70           1
        SFR25            00C80-00CEF              70           1
        SFR26            00D00-00D6F              70           1
        SFR27            00D80-00DEF              70           1
        SFR28            00E00-00E6F              70           1
        SFR29            00E80-00EEF              70           1
        SFR3             00180-001EF              70           1
        SFR30            00F00-00F6F              70           1
        SFR31            00F80-00FEF              70           1
        SFR4             00200-0026F              70           1
        SFR5             00280-002EF              70           1
        SFR6             00300-0036F              70           1
        SFR7             00380-003EF              70           1
        SFR8             00400-0046F              70           1
        SFR9             00480-004EF              70           1
        STACK            02015-020EF              DB           1
        STRCODE          00001-00003               3           2
                         001EB-007FF             615
        STRING           00001-00003               3           2
                         001EB-007FF             100

                                  Symbol Table

PL2                                       text12       0016E
PL4                                       maintext     00080
PL6                                       maintext     00086
PWM3_DutyCycleSet@dutyCycleCount          cstackCOMMON 0007A
TMR0_Callback@cntr                        bssBANK0     0002C
TMR0_SetInterruptHandler@InterruptHandler cstackCOMMON 0007A
_ANSELA                                   (abs)        0018C
_APFCON                                   (abs)        0011D
_BORCON                                   (abs)        00116
_CheckForButtonPushes                     text9        0008B
_CheckForButtonPushes$463                 cstackCOMMON 0007C
_HIGH_LED_OFF                             text26       001E3
_HIGH_LED_ON                              text25       001E1
_INTCONbits                               (abs)        0000B
_INTERRUPT_InterruptManager               intentry     00004
_IOCAF2_ISR                               text33       001E7
_IOCAF2_InterruptHandler                  bssBANK0     0002A
_IOCAF3_ISR                               text32       001E5
_IOCAF3_InterruptHandler                  bssBANK0     00028
_IOCAFbits                                (abs)        00393
_IOCANbits                                (abs)        00392
_IOCAPbits                                (abs)        00391
_LATA                                     (abs)        0010C
_LATAbits                                 (abs)        0010C
_LOW_LED_OFF                              text24       001DA
_LOW_LED_ON                               text23       001D7
_MEDIUM_LED_OFF                           text22       001DF
_MEDIUM_LED_ON                            text21       001DD
_MotorState                               bssBANK0     0002D
_ODCONA                                   (abs)        0028C
_OPTION_REG                               (abs)        00095
_OPTION_REGbits                           (abs)        00095
_OSCCON                                   (abs)        00099
_OSCILLATOR_Initialize                    text8        00191
_OSCTUNE                                  (abs)        00098
_PIN_MANAGER_IOC                          text31       0019F
_PIN_MANAGER_Initialize                   text7        00142
_PORTAbits                                (abs)        0000C
_PWM3CLKCON                               (abs)        00DBE
_PWM3CON                                  (abs)        00DBB
_PWM3CONbits                              (abs)        00DBB
_PWM3DCH                                  (abs)        00DB4
_PWM3DCL                                  (abs)        00DB3
_PWM3INTE                                 (abs)        00DBC
_PWM3INTF                                 (abs)        00DBD
_PWM3LDCON                                (abs)        00DBF
_PWM3LDCONbits                            (abs)        00DBF
_PWM3OFCON                                (abs)        00DC0
_PWM3OFH                                  (abs)        00DB8
_PWM3OFL                                  (abs)        00DB7
_PWM3PHH                                  (abs)        00DB2
_PWM3PHL                                  (abs)        00DB1
_PWM3PRH                                  (abs)        00DB6
_PWM3PRL                                  (abs)        00DB5
_PWM3TMRH                                 (abs)        00DBA
_PWM3TMRL                                 (abs)        00DB9
_PWM3_DutyCycleSet                        text20       001B2
_PWM3_Initialize                          text6        00128
_PWM3_LoadBufferSet                       text19       001D4
_PWM3_Start                               text14       001D1
_PWM3_Stop                                text13       001CE
_SYSTEM_Initialize                        text3        001BD
_SetAllLEDsOff                            text2        001CB
_ShutdownDelayTimer                       bssCOMMON    00078
_SpeedButtonJustGotPressed                text17       00189
_SpeedButtonJustGotReleased               text16       001EA
_SpeedButtonPressedRaw                    text15       001AC
_SpeedButtonState                         bssCOMMON    00074
_SpeedDebounceTimer                       bssCOMMON    00076
_SpeedLEDState                            bssCOMMON    00079
_SpeedLeftButtonPressTime                 bssBANK0     00020
_StartButtonJustGotPressed                text12       0015B
_StartButtonJustGotReleased               text11       001E9
_StartButtonPressedRaw                    text10       00198
_StartButtonState                         bssCOMMON    00075
_StartDebounceTimer                       bssCOMMON    00077
_StartRightButtonPressTime                bssBANK0     00024
_TMR0                                     (abs)        00015
_TMR0_CallBack                            text29       0017F
_TMR0_Callback                            text30       00106
_TMR0_ISR                                 text28       001C2
_TMR0_Initialize                          text5        00173
_TMR0_InterruptHandler                    nvBANK0      00032
_TMR0_SetInterruptHandler                 text1        001B8
_TRISA                                    (abs)        0008C
_TempDelayTimer                           bssCOMMON    00070
_UpdateLEDs                               text18       000E4
_VREGCONbits                              (abs)        00197
_WDTCON                                   (abs)        00097
_WDT_Initialize                           text4        001C7
_WPUA                                     (abs)        0020C
_WakeTimer                                nvBANK0      0002E
__CFG_BOREN$OFF                           (abs)        00000
__CFG_BORV$LO                             (abs)        00000
__CFG_CLKOUTEN$OFF                        (abs)        00000
__CFG_CP$OFF                              (abs)        00000
__CFG_FOSC$INTOSC                         (abs)        00000
__CFG_LPBOREN$OFF                         (abs)        00000
__CFG_LVP$OFF                             (abs)        00000
__CFG_MCLRE$OFF                           (abs)        00000
__CFG_PLLEN$OFF                           (abs)        00000
__CFG_PWRTE$OFF                           (abs)        00000
__CFG_STVREN$ON                           (abs)        00000
__CFG_WDTE$OFF                            (abs)        00000
__CFG_WRT$OFF                             (abs)        00000
__Habs1                                   abs1         00000
__Hbank0                                  bank0        00000
__Hbank1                                  bank1        00000
__Hbank10                                 bank10       00000
__Hbank11                                 bank11       00000
__Hbank12                                 bank12       00000
__Hbank13                                 bank13       00000
__Hbank14                                 bank14       00000
__Hbank15                                 bank15       00000
__Hbank16                                 bank16       00000
__Hbank17                                 bank17       00000
__Hbank18                                 bank18       00000
__Hbank19                                 bank19       00000
__Hbank2                                  bank2        00000
__Hbank20                                 bank20       00000
__Hbank21                                 bank21       00000
__Hbank22                                 bank22       00000
__Hbank23                                 bank23       00000
__Hbank24                                 bank24       00000
__Hbank25                                 bank25       00000
__Hbank26                                 bank26       00000
__Hbank27                                 bank27       00000
__Hbank28                                 bank28       00000
__Hbank29                                 bank29       00000
__Hbank3                                  bank3        00000
__Hbank30                                 bank30       00000
__Hbank31                                 bank31       00000
__Hbank4                                  bank4        00000
__Hbank5                                  bank5        00000
__Hbank6                                  bank6        00000
__Hbank7                                  bank7        00000
__Hbank8                                  bank8        00000
__Hbank9                                  bank9        00000
__Hbigram                                 bigram       00000
__HbssBANK0                               bssBANK0     00000
__HbssCOMMON                              bssCOMMON    00000
__Hcinit                                  cinit        00021
__Hclrtext                                clrtext      00000
__Hcode                                   code         00000
__Hcommon                                 common       00000
__Hconfig                                 config       08009
__HcstackCOMMON                           cstackCOMMON 00000
__Heeprom_data                            eeprom_data  00000
__Hend_init                               end_init     00012
__Hfunctab                                functab      00000
__Hidloc                                  idloc        00000
__Hinit                                   init         00011
__Hintentry                               intentry     00011
__Hmaintext                               maintext     00000
__HnvBANK0                                nvBANK0      00000
__Hpa_nodes0                              pa_nodes0    00000
__Hpowerup                                powerup      00000
__Hram                                    ram          00000
__Hreset_vec                              reset_vec    00001
__Hsfr0                                   sfr0         00000
__Hsfr1                                   sfr1         00000
__Hsfr10                                  sfr10        00000
__Hsfr11                                  sfr11        00000
__Hsfr12                                  sfr12        00000
__Hsfr13                                  sfr13        00000
__Hsfr14                                  sfr14        00000
__Hsfr15                                  sfr15        00000
__Hsfr16                                  sfr16        00000
__Hsfr17                                  sfr17        00000
__Hsfr18                                  sfr18        00000
__Hsfr19                                  sfr19        00000
__Hsfr2                                   sfr2         00000
__Hsfr20                                  sfr20        00000
__Hsfr21                                  sfr21        00000
__Hsfr22                                  sfr22        00000
__Hsfr23                                  sfr23        00000
__Hsfr24                                  sfr24        00000
__Hsfr25                                  sfr25        00000
__Hsfr26                                  sfr26        00000
__Hsfr27                                  sfr27        00000
__Hsfr28                                  sfr28        00000
__Hsfr29                                  sfr29        00000
__Hsfr3                                   sfr3         00000
__Hsfr30                                  sfr30        00000
__Hsfr31                                  sfr31        00000
__Hsfr4                                   sfr4         00000
__Hsfr5                                   sfr5         00000
__Hsfr6                                   sfr6         00000
__Hsfr7                                   sfr7         00000
__Hsfr8                                   sfr8         00000
__Hsfr9                                   sfr9         00000
__Hspace_0                                (abs)        08009
__Hspace_1                                (abs)        0007E
__Hspace_2                                (abs)        00000
__Hspace_3                                (abs)        00000
__Hstack                                  stack        00000
__Hstrings                                strings      00000
__Htext                                   text         00000
__Labs1                                   abs1         00000
__Lbank0                                  bank0        00000
__Lbank1                                  bank1        00000
__Lbank10                                 bank10       00000
__Lbank11                                 bank11       00000
__Lbank12                                 bank12       00000
__Lbank13                                 bank13       00000
__Lbank14                                 bank14       00000
__Lbank15                                 bank15       00000
__Lbank16                                 bank16       00000
__Lbank17                                 bank17       00000
__Lbank18                                 bank18       00000
__Lbank19                                 bank19       00000
__Lbank2                                  bank2        00000
__Lbank20                                 bank20       00000
__Lbank21                                 bank21       00000
__Lbank22                                 bank22       00000
__Lbank23                                 bank23       00000
__Lbank24                                 bank24       00000
__Lbank25                                 bank25       00000
__Lbank26                                 bank26       00000
__Lbank27                                 bank27       00000
__Lbank28                                 bank28       00000
__Lbank29                                 bank29       00000
__Lbank3                                  bank3        00000
__Lbank30                                 bank30       00000
__Lbank31                                 bank31       00000
__Lbank4                                  bank4        00000
__Lbank5                                  bank5        00000
__Lbank6                                  bank6        00000
__Lbank7                                  bank7        00000
__Lbank8                                  bank8        00000
__Lbank9                                  bank9        00000
__Lbigram                                 bigram       00000
__LbssBANK0                               bssBANK0     00000
__LbssCOMMON                              bssCOMMON    00000
__Lcinit                                  cinit        00012
__Lclrtext                                clrtext      00000
__Lcode                                   code         00000
__Lcommon                                 common       00000
__Lconfig                                 config       08007
__LcstackCOMMON                           cstackCOMMON 00000
__Leeprom_data                            eeprom_data  00000
__Lend_init                               end_init     00011
__Lfunctab                                functab      00000
__Lidloc                                  idloc        00000
__Linit                                   init         00011
__Lintentry                               intentry     00004
__Lmaintext                               maintext     00000
__LnvBANK0                                nvBANK0      00000
__Lpa_nodes0                              pa_nodes0    00000
__Lpowerup                                powerup      00000
__Lram                                    ram          00000
__Lreset_vec                              reset_vec    00000
__Lsfr0                                   sfr0         00000
__Lsfr1                                   sfr1         00000
__Lsfr10                                  sfr10        00000
__Lsfr11                                  sfr11        00000
__Lsfr12                                  sfr12        00000
__Lsfr13                                  sfr13        00000
__Lsfr14                                  sfr14        00000
__Lsfr15                                  sfr15        00000
__Lsfr16                                  sfr16        00000
__Lsfr17                                  sfr17        00000
__Lsfr18                                  sfr18        00000
__Lsfr19                                  sfr19        00000
__Lsfr2                                   sfr2         00000
__Lsfr20                                  sfr20        00000
__Lsfr21                                  sfr21        00000
__Lsfr22                                  sfr22        00000
__Lsfr23                                  sfr23        00000
__Lsfr24                                  sfr24        00000
__Lsfr25                                  sfr25        00000
__Lsfr26                                  sfr26        00000
__Lsfr27                                  sfr27        00000
__Lsfr28                                  sfr28        00000
__Lsfr29                                  sfr29        00000
__Lsfr3                                   sfr3         00000
__Lsfr30                                  sfr30        00000
__Lsfr31                                  sfr31        00000
__Lsfr4                                   sfr4         00000
__Lsfr5                                   sfr5         00000
__Lsfr6                                   sfr6         00000
__Lsfr7                                   sfr7         00000
__Lsfr8                                   sfr8         00000
__Lsfr9                                   sfr9         00000
__Lspace_0                                (abs)        00000
__Lspace_1                                (abs)        00000
__Lspace_2                                (abs)        00000
__Lspace_3                                (abs)        00000
__Lstack                                  stack        00000
__Lstrings                                strings      00000
__Ltext                                   text         00000
__S0                                      (abs)        08009
__S1                                      (abs)        0007E
__S2                                      (abs)        00000
___int_sp                                 stack        00000
___latbits                                (abs)        00000
___sp                                     stack        00000
__end_ofPL2                               text12       00173
__end_ofPL4                               maintext     00086
__end_ofPL6                               maintext     0008B
__end_of_CheckForButtonPushes             text9        000E4
__end_of_HIGH_LED_OFF                     text26       001E5
__end_of_HIGH_LED_ON                      text25       001E3
__end_of_INTERRUPT_InterruptManager       intentry     00011
__end_of_IOCAF2_ISR                       text33       001E9
__end_of_IOCAF3_ISR                       text32       001E7
__end_of_LOW_LED_OFF                      text24       001DD
__end_of_LOW_LED_ON                       text23       001DA
__end_of_MEDIUM_LED_OFF                   text22       001E1
__end_of_MEDIUM_LED_ON                    text21       001DF
__end_of_OSCILLATOR_Initialize            text8        00198
__end_of_PIN_MANAGER_IOC                  text31       001A6
__end_of_PIN_MANAGER_Initialize           text7        0015B
__end_of_PWM3_DutyCycleSet                text20       001B8
__end_of_PWM3_Initialize                  text6        00142
__end_of_PWM3_LoadBufferSet               text19       001D7
__end_of_PWM3_Start                       text14       001D4
__end_of_PWM3_Stop                        text13       001D1
__end_of_SYSTEM_Initialize                text3        001C2
__end_of_SetAllLEDsOff                    text2        001CE
__end_of_SpeedButtonJustGotPressed        text17       00191
__end_of_SpeedButtonJustGotReleased       text16       001EB
__end_of_SpeedButtonPressedRaw            text15       001B2
__end_of_StartButtonJustGotPressed        text12       0016E
__end_of_StartButtonJustGotReleased       text11       001EA
__end_of_StartButtonPressedRaw            text10       0019F
__end_of_TMR0_CallBack                    text29       00189
__end_of_TMR0_Callback                    text30       00128
__end_of_TMR0_ISR                         text28       001C7
__end_of_TMR0_Initialize                  text5        0017F
__end_of_TMR0_SetInterruptHandler         text1        001BD
__end_of_UpdateLEDs                       text18       00106
__end_of_WDT_Initialize                   text4        001CB
__end_of__initialization                  cinit        0001E
__end_of_main                             maintext     00080
__initialization                          cinit        00012
__pbssBANK0                               bssBANK0     00020
__pbssCOMMON                              bssCOMMON    00070
__pcstackCOMMON                           cstackCOMMON 0007A
__pintentry                               intentry     00004
__pmaintext                               maintext     00021
__pnvBANK0                                nvBANK0      0002E
__ptext1                                  text1        001B8
__ptext10                                 text10       00198
__ptext11                                 text11       001E9
__ptext12                                 text12       0015B
__ptext13                                 text13       001CE
__ptext14                                 text14       001D1
__ptext15                                 text15       001AC
__ptext16                                 text16       001EA
__ptext17                                 text17       00189
__ptext18                                 text18       000E4
__ptext19                                 text19       001D4
__ptext2                                  text2        001CB
__ptext20                                 text20       001B2
__ptext21                                 text21       001DD
__ptext22                                 text22       001DF
__ptext23                                 text23       001D7
__ptext24                                 text24       001DA
__ptext25                                 text25       001E1
__ptext26                                 text26       001E3
__ptext28                                 text28       001C2
__ptext29                                 text29       0017F
__ptext3                                  text3        001BD
__ptext30                                 text30       00106
__ptext31                                 text31       0019F
__ptext32                                 text32       001E5
__ptext33                                 text33       001E7
__ptext4                                  text4        001C7
__ptext5                                  text5        00173
__ptext6                                  text6        00128
__ptext7                                  text7        00142
__ptext8                                  text8        00191
__ptext9                                  text9        0008B
__size_of_CheckForButtonPushes            (abs)        00000
__size_of_HIGH_LED_OFF                    (abs)        00000
__size_of_HIGH_LED_ON                     (abs)        00000
__size_of_INTERRUPT_InterruptManager      (abs)        00000
__size_of_IOCAF2_ISR                      (abs)        00000
__size_of_IOCAF3_ISR                      (abs)        00000
__size_of_LOW_LED_OFF                     (abs)        00000
__size_of_LOW_LED_ON                      (abs)        00000
__size_of_MEDIUM_LED_OFF                  (abs)        00000
__size_of_MEDIUM_LED_ON                   (abs)        00000
__size_of_OSCILLATOR_Initialize           (abs)        00000
__size_of_PIN_MANAGER_IOC                 (abs)        00000
__size_of_PIN_MANAGER_Initialize          (abs)        00000
__size_of_PWM3_DutyCycleSet               (abs)        00000
__size_of_PWM3_Initialize                 (abs)        00000
__size_of_PWM3_LoadBufferSet              (abs)        00000
__size_of_PWM3_Start                      (abs)        00000
__size_of_PWM3_Stop                       (abs)        00000
__size_of_SYSTEM_Initialize               (abs)        00000
__size_of_SetAllLEDsOff                   (abs)        00000
__size_of_SpeedButtonJustGotPressed       (abs)        00000
__size_of_SpeedButtonJustGotReleased      (abs)        00000
__size_of_SpeedButtonPressedRaw           (abs)        00000
__size_of_StartButtonJustGotPressed       (abs)        00000
__size_of_StartButtonJustGotReleased      (abs)        00000
__size_of_StartButtonPressedRaw           (abs)        00000
__size_of_TMR0_CallBack                   (abs)        00000
__size_of_TMR0_Callback                   (abs)        00000
__size_of_TMR0_ISR                        (abs)        00000
__size_of_TMR0_Initialize                 (abs)        00000
__size_of_TMR0_SetInterruptHandler        (abs)        00000
__size_of_UpdateLEDs                      (abs)        00000
__size_of_WDT_Initialize                  (abs)        00000
__size_of_main                            (abs)        00000
_main                                     maintext     00021
_timer0ReloadVal                          nvBANK0      00034
btemp                                     (abs)        0007E
clear_ram0                                clrtext      001A6
end_of_initialization                     cinit        0001E
int$flags                                 (abs)        0007E
intlevel0                                 functab      00000
intlevel1                                 functab      00000
intlevel2                                 functab      00000
intlevel3                                 functab      00000
intlevel4                                 functab      00000
intlevel5                                 functab      00000
reset_vec                                 reset_vec    00000
stackhi                                   (abs)        020EF
stacklo                                   (abs)        02015
start                                     init         00011
start_initialization                      cinit        00012
wtemp0                                    (abs)        0007E


FUNCTION INFORMATION:

 *************** function _main *****************
 Defined at:
		line 352 in file "main.c"
 Parameters:    Size  Location     Type
		None
 Auto vars:     Size  Location     Type
  i               1    0        unsigned char 
 Return value:  Size  Location     Type
                  1    wreg      void 
 Registers used:
		wreg, fsr0l, fsr0h, status,2, status,0, pclath, cstack
 Tracked objects:
		On entry : 
		On exit  : 
		Unchanged: 
 Data sizes:     COMMON   BANK0   BANK1   BANK2
      Params:         0       0       0       0
      Locals:         0       0       0       0
      Temps:          1       0       0       0
      Totals:         1       0       0       0
Total ram usage:        1 bytes
 Hardware stack levels required when called:    8
 This function calls:
		_CheckForButtonPushes
		_HIGH_LED_OFF
		_HIGH_LED_ON
		_LOW_LED_OFF
		_LOW_LED_ON
		_MEDIUM_LED_OFF
		_MEDIUM_LED_ON
		_PWM3_Stop
		_SYSTEM_Initialize
		_SetAllLEDsOff
		_TMR0_SetInterruptHandler
		_UpdateLEDs
 This function is called by:
		Startup code after reset
 This function uses a non-reentrant model


 *************** function _TMR0_SetInterruptHandler *****************
 Defined at:
		line 133 in file "mcc_generated_files/tmr0.c"
 Parameters:    Size  Location     Type
  InterruptHan    2    0[COMMON] PTR FTN()void 
		 -> TMR0_Callback(1), 
 Auto vars:     Size  Location     Type
		None
 Return value:  Size  Location     Type
                  1    wreg      void 
 Registers used:
		wreg
 Tracked objects:
		On entry : 
		On exit  : 
		Unchanged: 
 Data sizes:     COMMON   BANK0   BANK1   BANK2
      Params:         2       0       0       0
      Locals:         0       0       0       0
      Temps:          0       0       0       0
      Totals:         2       0       0       0
Total ram usage:        2 bytes
 Hardware stack levels used:    1
 Hardware stack levels required when called:    4
 This function calls:
		Nothing
 This function is called by:
		_main
 This function uses a non-reentrant model


 *************** function _SetAllLEDsOff *****************
 Defined at:
		line 167 in file "main.c"
 Parameters:    Size  Location     Type
		None
 Auto vars:     Size  Location     Type
		None
 Return value:  Size  Location     Type
                  1    wreg      void 
 Registers used:
		status,2, status,0, pclath, cstack
 Tracked objects:
		On entry : 
		On exit  : 
		Unchanged: 
 Data sizes:     COMMON   BANK0   BANK1   BANK2
      Params:         0       0       0       0
      Locals:         0       0       0       0
      Temps:          0       0       0       0
      Totals:         0       0       0       0
Total ram usage:        0 bytes
 Hardware stack levels used:    1
 Hardware stack levels required when called:    5
 This function calls:
		_HIGH_LED_OFF
		_LOW_LED_OFF
		_MEDIUM_LED_OFF
 This function is called by:
		_main
 This function uses a non-reentrant model


 *************** function _SYSTEM_Initialize *****************
 Defined at:
		line 68 in file "mcc_generated_files/mcc.c"
 Parameters:    Size  Location     Type
		None
 Auto vars:     Size  Location     Type
		None
 Return value:  Size  Location     Type
                  1    wreg      void 
 Registers used:
		wreg, status,2, status,0, pclath, cstack
 Tracked objects:
		On entry : 
		On exit  : 
		Unchanged: 
 Data sizes:     COMMON   BANK0   BANK1   BANK2
      Params:         0       0       0       0
      Locals:         0       0       0       0
      Temps:          0       0       0       0
      Totals:         0       0       0       0
Total ram usage:        0 bytes
 Hardware stack levels used:    1
 Hardware stack levels required when called:    5
 This function calls:
		_OSCILLATOR_Initialize
		_PIN_MANAGER_Initialize
		_PWM3_Initialize
		_TMR0_Initialize
		_WDT_Initialize
 This function is called by:
		_main
 This function uses a non-reentrant model


 *************** function _WDT_Initialize *****************
 Defined at:
		line 88 in file "mcc_generated_files/mcc.c"
 Parameters:    Size  Location     Type
		None
 Auto vars:     Size  Location     Type
		None
 Return value:  Size  Location     Type
                  1    wreg      void 
 Registers used:
		wreg
 Tracked objects:
		On entry : 
		On exit  : 
		Unchanged: 
 Data sizes:     COMMON   BANK0   BANK1   BANK2
      Params:         0       0       0       0
      Locals:         0       0       0       0
      Temps:          0       0       0       0
      Totals:         0       0       0       0
Total ram usage:        0 bytes
 Hardware stack levels used:    1
 Hardware stack levels required when called:    4
 This function calls:
		Nothing
 This function is called by:
		_SYSTEM_Initialize
 This function uses a non-reentrant model


 *************** function _TMR0_Initialize *****************
 Defined at:
		line 65 in file "mcc_generated_files/tmr0.c"
 Parameters:    Size  Location     Type
		None
 Auto vars:     Size  Location     Type
		None
 Return value:  Size  Location     Type
                  1    wreg      void 
 Registers used:
		wreg, status,2
 Tracked objects:
		On entry : 
		On exit  : 
		Unchanged: 
 Data sizes:     COMMON   BANK0   BANK1   BANK2
      Params:         0       0       0       0
      Locals:         0       0       0       0
      Temps:          0       0       0       0
      Totals:         0       0       0       0
Total ram usage:        0 bytes
 Hardware stack levels used:    1
 Hardware stack levels required when called:    4
 This function calls:
		Nothing
 This function is called by:
		_SYSTEM_Initialize
 This function uses a non-reentrant model


 *************** function _PWM3_Initialize *****************
 Defined at:
		line 57 in file "mcc_generated_files/pwm3.c"
 Parameters:    Size  Location     Type
		None
 Auto vars:     Size  Location     Type
		None
 Return value:  Size  Location     Type
                  1    wreg      void 
 Registers used:
		wreg, status,2
 Tracked objects:
		On entry : 
		On exit  : 
		Unchanged: 
 Data sizes:     COMMON   BANK0   BANK1   BANK2
      Params:         0       0       0       0
      Locals:         0       0       0       0
      Temps:          0       0       0       0
      Totals:         0       0       0       0
Total ram usage:        0 bytes
 Hardware stack levels used:    1
 Hardware stack levels required when called:    4
 This function calls:
		Nothing
 This function is called by:
		_SYSTEM_Initialize
 This function uses a non-reentrant model


 *************** function _PIN_MANAGER_Initialize *****************
 Defined at:
		line 55 in file "mcc_generated_files/pin_manager.c"
 Parameters:    Size  Location     Type
		None
 Auto vars:     Size  Location     Type
		None
 Return value:  Size  Location     Type
                  1    wreg      void 
 Registers used:
		wreg, status,2
 Tracked objects:
		On entry : 
		On exit  : 
		Unchanged: 
 Data sizes:     COMMON   BANK0   BANK1   BANK2
      Params:         0       0       0       0
      Locals:         0       0       0       0
      Temps:          0       0       0       0
      Totals:         0       0       0       0
Total ram usage:        0 bytes
 Hardware stack levels used:    1
 Hardware stack levels required when called:    4
 This function calls:
		Nothing
 This function is called by:
		_SYSTEM_Initialize
 This function uses a non-reentrant model


 *************** function _OSCILLATOR_Initialize *****************
 Defined at:
		line 78 in file "mcc_generated_files/mcc.c"
 Parameters:    Size  Location     Type
		None
 Auto vars:     Size  Location     Type
		None
 Return value:  Size  Location     Type
                  1    wreg      void 
 Registers used:
		wreg, status,2
 Tracked objects:
		On entry : 
		On exit  : 
		Unchanged: 
 Data sizes:     COMMON   BANK0   BANK1   BANK2
      Params:         0       0       0       0
      Locals:         0       0       0       0
      Temps:          0       0       0       0
      Totals:         0       0       0       0
Total ram usage:        0 bytes
 Hardware stack levels used:    1
 Hardware stack levels required when called:    4
 This function calls:
		Nothing
 This function is called by:
		_SYSTEM_Initialize
 This function uses a non-reentrant model


 *************** function _CheckForButtonPushes *****************
 Defined at:
		line 273 in file "main.c"
 Parameters:    Size  Location     Type
		None
 Auto vars:     Size  Location     Type
		None
 Return value:  Size  Location     Type
                  1    wreg      unsigned char 
 Registers used:
		wreg, fsr0l, fsr0h, status,2, status,0, pclath, cstack
 Tracked objects:
		On entry : 
		On exit  : 
		Unchanged: 
 Data sizes:     COMMON   BANK0   BANK1   BANK2
      Params:         0       0       0       0
      Locals:         1       0       0       0
      Temps:          0       0       0       0
      Totals:         1       0       0       0
Total ram usage:        1 bytes
 Hardware stack levels used:    1
 Hardware stack levels required when called:    7
 This function calls:
		_SpeedButtonJustGotPressed
		_SpeedButtonJustGotReleased
		_SpeedButtonPressedRaw
		_StartButtonJustGotPressed
		_StartButtonJustGotReleased
		_StartButtonPressedRaw
 This function is called by:
		_main
 This function uses a non-reentrant model


 *************** function _StartButtonPressedRaw *****************
 Defined at:
		line 208 in file "main.c"
 Parameters:    Size  Location     Type
		None
 Auto vars:     Size  Location     Type
		None
 Return value:  Size  Location     Type
                  1    wreg      unsigned char 
 Registers used:
		wreg, status,0
 Tracked objects:
		On entry : 
		On exit  : 
		Unchanged: 
 Data sizes:     COMMON   BANK0   BANK1   BANK2
      Params:         0       0       0       0
      Locals:         0       0       0       0
      Temps:          0       0       0       0
      Totals:         0       0       0       0
Total ram usage:        0 bytes
 Hardware stack levels used:    1
 Hardware stack levels required when called:    4
 This function calls:
		Nothing
 This function is called by:
		_CheckForButtonPushes
 This function uses a non-reentrant model


 *************** function _StartButtonJustGotReleased *****************
 Defined at:
		line 267 in file "main.c"
 Parameters:    Size  Location     Type
		None
 Auto vars:     Size  Location     Type
		None
 Return value:  Size  Location     Type
                  1    wreg      void 
 Registers used:
		None
 Tracked objects:
		On entry : 
		On exit  : 
		Unchanged: 
 Data sizes:     COMMON   BANK0   BANK1   BANK2
      Params:         0       0       0       0
      Locals:         0       0       0       0
      Temps:          0       0       0       0
      Totals:         0       0       0       0
Total ram usage:        0 bytes
 Hardware stack levels used:    1
 Hardware stack levels required when called:    4
 This function calls:
		Nothing
 This function is called by:
		_CheckForButtonPushes
 This function uses a non-reentrant model


 *************** function _StartButtonJustGotPressed *****************
 Defined at:
		line 247 in file "main.c"
 Parameters:    Size  Location     Type
		None
 Auto vars:     Size  Location     Type
		None
 Return value:  Size  Location     Type
                  1    wreg      void 
 Registers used:
		wreg, fsr0l, fsr0h, status,2, status,0, pclath, cstack
 Tracked objects:
		On entry : 
		On exit  : 
		Unchanged: 
 Data sizes:     COMMON   BANK0   BANK1   BANK2
      Params:         0       0       0       0
      Locals:         0       0       0       0
      Temps:          0       0       0       0
      Totals:         0       0       0       0
Total ram usage:        0 bytes
 Hardware stack levels used:    1
 Hardware stack levels required when called:    5
 This function calls:
		_PWM3_Start
		_PWM3_Stop
 This function is called by:
		_CheckForButtonPushes
 This function uses a non-reentrant model


 *************** function _PWM3_Stop *****************
 Defined at:
		line 117 in file "mcc_generated_files/pwm3.c"
 Parameters:    Size  Location     Type
		None
 Auto vars:     Size  Location     Type
		None
 Return value:  Size  Location     Type
                  1    wreg      void 
 Registers used:
		None
 Tracked objects:
		On entry : 
		On exit  : 
		Unchanged: 
 Data sizes:     COMMON   BANK0   BANK1   BANK2
      Params:         0       0       0       0
      Locals:         0       0       0       0
      Temps:          0       0       0       0
      Totals:         0       0       0       0
Total ram usage:        0 bytes
 Hardware stack levels used:    1
 Hardware stack levels required when called:    4
 This function calls:
		Nothing
 This function is called by:
		_StartButtonJustGotPressed
		_main
 This function uses a non-reentrant model


 *************** function _PWM3_Start *****************
 Defined at:
		line 112 in file "mcc_generated_files/pwm3.c"
 Parameters:    Size  Location     Type
		None
 Auto vars:     Size  Location     Type
		None
 Return value:  Size  Location     Type
                  1    wreg      void 
 Registers used:
		None
 Tracked objects:
		On entry : 
		On exit  : 
		Unchanged: 
 Data sizes:     COMMON   BANK0   BANK1   BANK2
      Params:         0       0       0       0
      Locals:         0       0       0       0
      Temps:          0       0       0       0
      Totals:         0       0       0       0
Total ram usage:        0 bytes
 Hardware stack levels used:    1
 Hardware stack levels required when called:    4
 This function calls:
		Nothing
 This function is called by:
		_StartButtonJustGotPressed
 This function uses a non-reentrant model


 *************** function _SpeedButtonPressedRaw *****************
 Defined at:
		line 214 in file "main.c"
 Parameters:    Size  Location     Type
		None
 Auto vars:     Size  Location     Type
		None
 Return value:  Size  Location     Type
                  1    wreg      unsigned char 
 Registers used:
		wreg, status,0
 Tracked objects:
		On entry : 
		On exit  : 
		Unchanged: 
 Data sizes:     COMMON   BANK0   BANK1   BANK2
      Params:         0       0       0       0
      Locals:         0       0       0       0
      Temps:          0       0       0       0
      Totals:         0       0       0       0
Total ram usage:        0 bytes
 Hardware stack levels used:    1
 Hardware stack levels required when called:    4
 This function calls:
		Nothing
 This function is called by:
		_CheckForButtonPushes
 This function uses a non-reentrant model


 *************** function _SpeedButtonJustGotReleased *****************
 Defined at:
		line 242 in file "main.c"
 Parameters:    Size  Location     Type
		None
 Auto vars:     Size  Location     Type
		None
 Return value:  Size  Location     Type
                  1    wreg      void 
 Registers used:
		None
 Tracked objects:
		On entry : 
		On exit  : 
		Unchanged: 
 Data sizes:     COMMON   BANK0   BANK1   BANK2
      Params:         0       0       0       0
      Locals:         0       0       0       0
      Temps:          0       0       0       0
      Totals:         0       0       0       0
Total ram usage:        0 bytes
 Hardware stack levels used:    1
 Hardware stack levels required when called:    4
 This function calls:
		Nothing
 This function is called by:
		_CheckForButtonPushes
 This function uses a non-reentrant model


 *************** function _SpeedButtonJustGotPressed *****************
 Defined at:
		line 231 in file "main.c"
 Parameters:    Size  Location     Type
		None
 Auto vars:     Size  Location     Type
		None
 Return value:  Size  Location     Type
                  1    wreg      void 
 Registers used:
		wreg, fsr0l, fsr0h, status,2, status,0, pclath, cstack
 Tracked objects:
		On entry : 
		On exit  : 
		Unchanged: 
 Data sizes:     COMMON   BANK0   BANK1   BANK2
      Params:         0       0       0       0
      Locals:         0       0       0       0
      Temps:          0       0       0       0
      Totals:         0       0       0       0
Total ram usage:        0 bytes
 Hardware stack levels used:    1
 Hardware stack levels required when called:    6
 This function calls:
		_UpdateLEDs
 This function is called by:
		_CheckForButtonPushes
 This function uses a non-reentrant model


 *************** function _UpdateLEDs *****************
 Defined at:
		line 174 in file "main.c"
 Parameters:    Size  Location     Type
		None
 Auto vars:     Size  Location     Type
		None
 Return value:  Size  Location     Type
                  1    wreg      void 
 Registers used:
		wreg, fsr0l, fsr0h, status,2, status,0, pclath, cstack
 Tracked objects:
		On entry : 
		On exit  : 
		Unchanged: 
 Data sizes:     COMMON   BANK0   BANK1   BANK2
      Params:         0       0       0       0
      Locals:         0       0       0       0
      Temps:          0       0       0       0
      Totals:         0       0       0       0
Total ram usage:        0 bytes
 Hardware stack levels used:    1
 Hardware stack levels required when called:    5
 This function calls:
		_HIGH_LED_OFF
		_HIGH_LED_ON
		_LOW_LED_OFF
		_LOW_LED_ON
		_MEDIUM_LED_OFF
		_MEDIUM_LED_ON
		_PWM3_DutyCycleSet
		_PWM3_LoadBufferSet
 This function is called by:
		_SpeedButtonJustGotPressed
		_main
 This function uses a non-reentrant model


 *************** function _PWM3_LoadBufferSet *****************
 Defined at:
		line 127 in file "mcc_generated_files/pwm3.c"
 Parameters:    Size  Location     Type
		None
 Auto vars:     Size  Location     Type
		None
 Return value:  Size  Location     Type
                  1    wreg      void 
 Registers used:
		None
 Tracked objects:
		On entry : 
		On exit  : 
		Unchanged: 
 Data sizes:     COMMON   BANK0   BANK1   BANK2
      Params:         0       0       0       0
      Locals:         0       0       0       0
      Temps:          0       0       0       0
      Totals:         0       0       0       0
Total ram usage:        0 bytes
 Hardware stack levels used:    1
 Hardware stack levels required when called:    4
 This function calls:
		Nothing
 This function is called by:
		_UpdateLEDs
 This function uses a non-reentrant model


 *************** function _PWM3_DutyCycleSet *****************
 Defined at:
		line 138 in file "mcc_generated_files/pwm3.c"
 Parameters:    Size  Location     Type
  dutyCycleCou    2    0[COMMON] unsigned int 
 Auto vars:     Size  Location     Type
		None
 Return value:  Size  Location     Type
                  1    wreg      void 
 Registers used:
		wreg
 Tracked objects:
		On entry : 
		On exit  : 
		Unchanged: 
 Data sizes:     COMMON   BANK0   BANK1   BANK2
      Params:         2       0       0       0
      Locals:         0       0       0       0
      Temps:          0       0       0       0
      Totals:         2       0       0       0
Total ram usage:        2 bytes
 Hardware stack levels used:    1
 Hardware stack levels required when called:    4
 This function calls:
		Nothing
 This function is called by:
		_UpdateLEDs
 This function uses a non-reentrant model


 *************** function _MEDIUM_LED_ON *****************
 Defined at:
		line 157 in file "main.c"
 Parameters:    Size  Location     Type
		None
 Auto vars:     Size  Location     Type
		None
 Return value:  Size  Location     Type
                  1    wreg      void 
 Registers used:
		None
 Tracked objects:
		On entry : 
		On exit  : 
		Unchanged: 
 Data sizes:     COMMON   BANK0   BANK1   BANK2
      Params:         0       0       0       0
      Locals:         0       0       0       0
      Temps:          0       0       0       0
      Totals:         0       0       0       0
Total ram usage:        0 bytes
 Hardware stack levels used:    1
 Hardware stack levels required when called:    4
 This function calls:
		Nothing
 This function is called by:
		_UpdateLEDs
		_main
 This function uses a non-reentrant model


 *************** function _MEDIUM_LED_OFF *****************
 Defined at:
		line 142 in file "main.c"
 Parameters:    Size  Location     Type
		None
 Auto vars:     Size  Location     Type
		None
 Return value:  Size  Location     Type
                  1    wreg      void 
 Registers used:
		None
 Tracked objects:
		On entry : 
		On exit  : 
		Unchanged: 
 Data sizes:     COMMON   BANK0   BANK1   BANK2
      Params:         0       0       0       0
      Locals:         0       0       0       0
      Temps:          0       0       0       0
      Totals:         0       0       0       0
Total ram usage:        0 bytes
 Hardware stack levels used:    1
 Hardware stack levels required when called:    4
 This function calls:
		Nothing
 This function is called by:
		_SetAllLEDsOff
		_UpdateLEDs
		_main
 This function uses a non-reentrant model


 *************** function _LOW_LED_ON *****************
 Defined at:
		line 152 in file "main.c"
 Parameters:    Size  Location     Type
		None
 Auto vars:     Size  Location     Type
		None
 Return value:  Size  Location     Type
                  1    wreg      void 
 Registers used:
		None
 Tracked objects:
		On entry : 
		On exit  : 
		Unchanged: 
 Data sizes:     COMMON   BANK0   BANK1   BANK2
      Params:         0       0       0       0
      Locals:         0       0       0       0
      Temps:          0       0       0       0
      Totals:         0       0       0       0
Total ram usage:        0 bytes
 Hardware stack levels used:    1
 Hardware stack levels required when called:    4
 This function calls:
		Nothing
 This function is called by:
		_UpdateLEDs
		_main
 This function uses a non-reentrant model


 *************** function _LOW_LED_OFF *****************
 Defined at:
		line 137 in file "main.c"
 Parameters:    Size  Location     Type
		None
 Auto vars:     Size  Location     Type
		None
 Return value:  Size  Location     Type
                  1    wreg      void 
 Registers used:
		None
 Tracked objects:
		On entry : 
		On exit  : 
		Unchanged: 
 Data sizes:     COMMON   BANK0   BANK1   BANK2
      Params:         0       0       0       0
      Locals:         0       0       0       0
      Temps:          0       0       0       0
      Totals:         0       0       0       0
Total ram usage:        0 bytes
 Hardware stack levels used:    1
 Hardware stack levels required when called:    4
 This function calls:
		Nothing
 This function is called by:
		_SetAllLEDsOff
		_UpdateLEDs
		_main
 This function uses a non-reentrant model


 *************** function _HIGH_LED_ON *****************
 Defined at:
		line 162 in file "main.c"
 Parameters:    Size  Location     Type
		None
 Auto vars:     Size  Location     Type
		None
 Return value:  Size  Location     Type
                  1    wreg      void 
 Registers used:
		None
 Tracked objects:
		On entry : 
		On exit  : 
		Unchanged: 
 Data sizes:     COMMON   BANK0   BANK1   BANK2
      Params:         0       0       0       0
      Locals:         0       0       0       0
      Temps:          0       0       0       0
      Totals:         0       0       0       0
Total ram usage:        0 bytes
 Hardware stack levels used:    1
 Hardware stack levels required when called:    4
 This function calls:
		Nothing
 This function is called by:
		_UpdateLEDs
		_main
 This function uses a non-reentrant model


 *************** function _HIGH_LED_OFF *****************
 Defined at:
		line 147 in file "main.c"
 Parameters:    Size  Location     Type
		None
 Auto vars:     Size  Location     Type
		None
 Return value:  Size  Location     Type
                  1    wreg      void 
 Registers used:
		None
 Tracked objects:
		On entry : 
		On exit  : 
		Unchanged: 
 Data sizes:     COMMON   BANK0   BANK1   BANK2
      Params:         0       0       0       0
      Locals:         0       0       0       0
      Temps:          0       0       0       0
      Totals:         0       0       0       0
Total ram usage:        0 bytes
 Hardware stack levels used:    1
 Hardware stack levels required when called:    4
 This function calls:
		Nothing
 This function is called by:
		_SetAllLEDsOff
		_UpdateLEDs
		_main
 This function uses a non-reentrant model


 *************** function _INTERRUPT_InterruptManager *****************
 Defined at:
		line 51 in file "mcc_generated_files/interrupt_manager.c"
 Parameters:    Size  Location     Type
		None
 Auto vars:     Size  Location     Type
		None
 Return value:  Size  Location     Type
                  1    wreg      void 
 Registers used:
		wreg, status,2, status,0, pclath, cstack
 Tracked objects:
		On entry : 
		On exit  : 
		Unchanged: 
 Data sizes:     COMMON   BANK0   BANK1   BANK2
      Params:         0       0       0       0
      Locals:         0       0       0       0
      Temps:          0       0       0       0
      Totals:         0       0       0       0
Total ram usage:        0 bytes
 Hardware stack levels used:    1
 Hardware stack levels required when called:    3
 This function calls:
		_PIN_MANAGER_IOC
		_TMR0_ISR
 This function is called by:
		Interrupt level 1
 This function uses a non-reentrant model


 *************** function _TMR0_ISR *****************
 Defined at:
		line 108 in file "mcc_generated_files/tmr0.c"
 Parameters:    Size  Location     Type
		None
 Auto vars:     Size  Location     Type
		None
 Return value:  Size  Location     Type
                  1    wreg      void 
 Registers used:
		wreg, status,2, status,0, pclath, cstack
 Tracked objects:
		On entry : 
		On exit  : 
		Unchanged: 
 Data sizes:     COMMON   BANK0   BANK1   BANK2
      Params:         0       0       0       0
      Locals:         0       0       0       0
      Temps:          0       0       0       0
      Totals:         0       0       0       0
Total ram usage:        0 bytes
 Hardware stack levels used:    1
 Hardware stack levels required when called:    2
 This function calls:
		_TMR0_CallBack
 This function is called by:
		_INTERRUPT_InterruptManager
 This function uses a non-reentrant model


 *************** function _TMR0_CallBack *****************
 Defined at:
		line 123 in file "mcc_generated_files/tmr0.c"
 Parameters:    Size  Location     Type
		None
 Auto vars:     Size  Location     Type
		None
 Return value:  Size  Location     Type
                  1    wreg      void 
 Registers used:
		wreg, status,2, status,0, pclath, cstack
 Tracked objects:
		On entry : 
		On exit  : 
		Unchanged: 
 Data sizes:     COMMON   BANK0   BANK1   BANK2
      Params:         0       0       0       0
      Locals:         0       0       0       0
      Temps:          0       0       0       0
      Totals:         0       0       0       0
Total ram usage:        0 bytes
 Hardware stack levels used:    1
 Hardware stack levels required when called:    1
 This function calls:
		Absolute function
		_TMR0_Callback
 This function is called by:
		_TMR0_ISR
 This function uses a non-reentrant model


 *************** function _TMR0_Callback *****************
 Defined at:
		line 90 in file "main.c"
 Parameters:    Size  Location     Type
		None
 Auto vars:     Size  Location     Type
		None
 Return value:  Size  Location     Type
                  1    wreg      void 
 Registers used:
		wreg, status,2, status,0
 Tracked objects:
		On entry : 
		On exit  : 
		Unchanged: 
 Data sizes:     COMMON   BANK0   BANK1   BANK2
      Params:         0       0       0       0
      Locals:         0       0       0       0
      Temps:          0       0       0       0
      Totals:         0       0       0       0
Total ram usage:        0 bytes
 Hardware stack levels used:    1
 This function calls:
		Nothing
 This function is called by:
		_main
		_TMR0_CallBack
 This function uses a non-reentrant model


 *************** function _PIN_MANAGER_IOC *****************
 Defined at:
		line 125 in file "mcc_generated_files/pin_manager.c"
 Parameters:    Size  Location     Type
		None
 Auto vars:     Size  Location     Type
		None
 Return value:  Size  Location     Type
                  1    wreg      void 
 Registers used:
		wreg, status,2, status,0, pclath, cstack
 Tracked objects:
		On entry : 
		On exit  : 
		Unchanged: 
 Data sizes:     COMMON   BANK0   BANK1   BANK2
      Params:         0       0       0       0
      Locals:         0       0       0       0
      Temps:          0       0       0       0
      Totals:         0       0       0       0
Total ram usage:        0 bytes
 Hardware stack levels used:    1
 Hardware stack levels required when called:    1
 This function calls:
		_IOCAF2_ISR
		_IOCAF3_ISR
 This function is called by:
		_INTERRUPT_InterruptManager
 This function uses a non-reentrant model


 *************** function _IOCAF3_ISR *****************
 Defined at:
		line 161 in file "mcc_generated_files/pin_manager.c"
 Parameters:    Size  Location     Type
		None
 Auto vars:     Size  Location     Type
		None
 Return value:  Size  Location     Type
                  1    wreg      void 
 Registers used:
		wreg, status,2, status,0
 Tracked objects:
		On entry : 
		On exit  : 
		Unchanged: 
 Data sizes:     COMMON   BANK0   BANK1   BANK2
      Params:         0       0       0       0
      Locals:         0       0       0       0
      Temps:          0       0       0       0
      Totals:         0       0       0       0
Total ram usage:        0 bytes
 Hardware stack levels used:    1
 This function calls:
		Nothing
 This function is called by:
		_PIN_MANAGER_IOC
 This function uses a non-reentrant model


 *************** function _IOCAF2_ISR *****************
 Defined at:
		line 113 in file "mcc_generated_files/pin_manager.c"
 Parameters:    Size  Location     Type
		None
 Auto vars:     Size  Location     Type
		None
 Return value:  Size  Location     Type
                  1    wreg      void 
 Registers used:
		wreg, status,2, status,0
 Tracked objects:
		On entry : 
		On exit  : 
		Unchanged: 
 Data sizes:     COMMON   BANK0   BANK1   BANK2
      Params:         0       0       0       0
      Locals:         0       0       0       0
      Temps:          0       0       0       0
      Totals:         0       0       0       0
Total ram usage:        0 bytes
 Hardware stack levels used:    1
 This function calls:
		Nothing
 This function is called by:
		_PIN_MANAGER_IOC
 This function uses a non-reentrant model



MODULE INFORMATION

Module		Function		Class		Link	Load	Size
mcc_generated_files/interrupt_manager.c
		_INTERRUPT_InterruptManager		CODE           	0004	0000	14

mcc_generated_files/interrupt_manager.c estimated size: 14

mcc_generated_files/tmr0.c
		_TMR0_SetInterruptHandler		CODE           	01B8	0000	6
		_TMR0_CallBack 		CODE           	017F	0000	11
		_TMR0_ISR      		CODE           	01C2	0000	6
		_TMR0_Initialize		CODE           	0173	0000	13

mcc_generated_files/tmr0.c estimated size: 36

mcc_generated_files/pin_manager.c
		_PIN_MANAGER_Initialize		CODE           	0142	0000	26
		_IOCAF2_ISR    		CODE           	01E7	0000	3
		_PIN_MANAGER_IOC		CODE           	019F	0000	8
		_IOCAF3_ISR    		CODE           	01E5	0000	3

mcc_generated_files/pin_manager.c estimated size: 40

shared
		__initialization		CODE           	0012	0000	13
		PL2            		CODE           	016E	0000	6
		PL4            		CODE           	0080	0000	7
		PL6            		CODE           	0086	0000	6

shared estimated size: 32

mcc_generated_files/mcc.c
		_WDT_Initialize		CODE           	01C7	0000	5
		_OSCILLATOR_Initialize		CODE           	0191	0000	8
		_SYSTEM_Initialize		CODE           	01BD	0000	6

mcc_generated_files/mcc.c estimated size: 19

mcc_generated_files/pwm3.c
		_PWM3_DutyCycleSet		CODE           	01B2	0000	7
		_PWM3_Initialize		CODE           	0128	0000	27
		_PWM3_Stop     		CODE           	01CE	0000	4
		_PWM3_Start    		CODE           	01D1	0000	4
		_PWM3_LoadBufferSet		CODE           	01D4	0000	4

mcc_generated_files/pwm3.c estimated size: 46

main.c
		_UpdateLEDs    		CODE           	00E4	0000	35
		_LOW_LED_ON    		CODE           	01D7	0000	4
		_LOW_LED_OFF   		CODE           	01DA	0000	4
		_MEDIUM_LED_ON 		CODE           	01DD	0000	3
		_MEDIUM_LED_OFF		CODE           	01DF	0000	3
		_main          		CODE           	0021	0000	96
		_StartButtonPressedRaw		CODE           	0198	0000	8
		_StartButtonJustGotReleased		CODE           	01E9	0000	2
		_TMR0_Callback 		CODE           	0106	0000	35
		_StartButtonJustGotPressed		CODE           	015B	0000	20
		_SpeedButtonPressedRaw		CODE           	01AC	0000	7
		_CheckForButtonPushes		CODE           	008B	0000	90
		_HIGH_LED_ON   		CODE           	01E1	0000	3
		_HIGH_LED_OFF  		CODE           	01E3	0000	3
		_SpeedButtonJustGotReleased		CODE           	01EA	0000	2
		_SpeedButtonJustGotPressed		CODE           	0189	0000	9
		_SetAllLEDsOff 		CODE           	01CB	0000	4

main.c estimated size: 328

